
> studynotion@0.1.0 build
> react-scripts build

Creating an optimized production build...
Compiled with warnings.

[eslint] 
src\components\common\Navbar.jsx
  Line 80:21:  img elements must have an alt prop, either with meaningful text, or an empty string for decorative images  jsx-a11y/alt-text

src\components\core\Auth\MobileProfileDropDown.jsx
  Line 1:28:  'useEffect' is defined but never used  no-unused-vars

src\components\core\Course\CourseAccordionBar.jsx
  Line 13:6:  React Hook useEffect has a missing dependency: 'course._id'. Either include it or remove the dependency array. If 'setActive' needs the current value of 'course._id', you can also switch to useReducer instead of useState and read 'course._id' in the reducer  react-hooks/exhaustive-deps

src\components\core\Dashboard\AddCourse\Upload.jsx
  Line 4:10:  'useSelector' is defined but never used  no-unused-vars

Search for the keywords to learn more about each warning.
To ignore, add // eslint-disable-next-line to the line before.

File sizes after gzip:

  940.57 kB  build\static\js\main.66121554.js
  24.2 kB    build\static\css\main.db8b75c8.css

The bundle size is significantly larger than recommended.
Consider reducing it with code splitting: https://goo.gl/9VhYWB
You can also analyze the project dependencies: https://goo.gl/LeUzfb

The project was built assuming it is hosted at /.
You can control this with the homepage field in your package.json.

The build folder is ready to be deployed.
You may serve it with a static server:

  npm install -g serve
  serve -s build

Find out more about deployment here:

  https://cra.link/deployment

